 kernel

 Timestamp is 4bbf73fe (Fri Apr 09 21:37:50 2010)

 Preferred load address is 00100000

 Start         Length     Name                   Class
 0001:00000000 000004f8H .text                   CODE
 0002:00000000 0000017aH .rdata                  DATA
 0003:00000000 00000004H .CRT$XCA                DATA
 0003:00000004 00000004H .CRT$XCZ                DATA
 0003:00000008 00000018H .data                   DATA
 0003:00000020 0000003cH .bss                    DATA
 0004:00000000 00000058H .rsrc$01                DATA
 0004:00000060 00000390H .rsrc$02                DATA

  Address         Publics by Value              Rva+Base       Lib:Object

 0000:00000000       ___safe_se_handler_table   00000000     <absolute>
 0000:00000000       ___safe_se_handler_count   00000000     <absolute>
 0001:00000000       ?kputc@@YAXE@Z             00100400 f   kdisplay.obj
 0001:00000070       ?itoa@@YAXIIPAD@Z          00100470 f   kdisplay.obj
 0001:000000e0       ?kclear@@YAXG@Z            001004e0 f   kdisplay.obj
 0001:00000120       ?kputs@@YAXPAD@Z           00100520 f   kdisplay.obj
 0001:00000160       ?ksetcolor@@YAII@Z         00100560 f   kdisplay.obj
 0001:00000170       ?kgoto_xy@@YAXII@Z         00100570 f   kdisplay.obj
 0001:000001a0       ?kprintf@@YAHPBDZZ         001005a0 f   kdisplay.obj
 0001:00000380       ?kernel_entry@@YAXXZ       00100780 f   entry.obj
 0001:000003c0       _main                      001007c0 f   main.obj
 0001:00000460       ?strlen@@YAIPBD@Z          00100860 f   lib:string.obj
 0001:00000480       ?exit@@YAXXZ               00100880 f   lib:cstd.obj
 0001:000004c0       ?init_ctor@@YAXXZ          001008c0 f   lib:cstd.obj
 0002:00000000       ??_C@_0DM@GKCKOMBP@?6?6?5?5?5?5?5?5?5?5?5?5?5?5?5?5?5eqraOS?5v0?41?5Cop@ 00100a00     main.obj
 0002:0000003c       ??_C@_04LEAFLDMF@?$FL?$CFx?$FN?$AA@ 00100a3c     main.obj
 0002:00000044       ??_C@_0BI@HLMECHOG@?6x?5as?5hex?4?4?4?4?4?4?4?4?4?4?4?4?4?5?$AA@ 00100a44     main.obj
 0002:0000005c       ??_C@_04KBDJOJNB@?$FL?$CFd?$FN?$AA@ 00100a5c     main.obj
 0002:00000064       ??_C@_0BI@IGDOFGNF@?6x?5as?5int?4?4?4?4?4?4?4?4?4?4?4?4?4?5?$AA@ 00100a64     main.obj
 0002:0000007c       ??_C@_0P@FOJAHDAD@?6?6?6int?5x?5?$DN?512?5?$AA@ 00100a7c     main.obj
 0002:0000008c       ??_C@_0DC@FFDFODEM@?5?5?5?5?5?5?5?5?5?5?5?5?5?5?5?5?5?5?5?5?1_?1?5?5?5?5?5?5?5?5?5@ 00100a8c     main.obj
 0002:000000c0       ??_C@_0DC@CPOKAAAI@?5?5?5?5?5?5?5?5?5?5?5?5?5?5?5?2__?1?2_?0?5?1_?1?5?5?2_?0_@ 00100ac0     main.obj
 0002:000000f4       ??_C@_0DC@OKJEODDC@?5?5?5?5?5?5?5?5?5?5?5?5?5?5?5?1?5?9_?$CJ?5_?5?$GA?1?5__?1?5_?5@ 00100af4     main.obj
 0002:00000128       ??_C@_0DC@LPCGAJPH@?5?5?5?5?5?5?5?5?5?5?5?5?5?5?5?5___?5___?5________@ 00100b28     main.obj
 0002:0000015c       ??_C@_0BO@OIGKDFNC@?5?5?5?5eqraOS?5Kernel?5executed?4?6?6?$AA@ 00100b5c     main.obj
 0003:00000000       ?__xc_a@@3PAP6AXXZA        00100c00     lib:cstd.obj
 0003:00000004       ?__xc_z@@3PAP6AXXZA        00100c04     lib:cstd.obj
 0003:00000008       ?bchars@@3PADA             00100c08     kdisplay.obj
 0003:0000001c       __fltused                  00100c1c     lib:cstd.obj
 0003:00000020       ?tbuf@@3PADA               00100c20     kdisplay.obj

 entry point at        0000:00000000

 Static symbols

