 kernel

 Timestamp is 4c2e4022 (Fri Jul 02 22:38:10 2010)

 Preferred load address is 00100000

 Start         Length     Name                   Class
 0001:00000000 00002065H .text                   CODE
 0002:00000000 0000074eH .rdata                  DATA
 0003:00000000 00000004H .CRT$XCA                DATA
 0003:00000004 00000004H .CRT$XCZ                DATA
 0003:00000008 0000017cH .data                   DATA
 0003:00000188 00000898H .bss                    DATA
 0004:00000000 00000058H .rsrc$01                DATA
 0004:00000060 00000390H .rsrc$02                DATA

  Address         Publics by Value              Rva+Base       Lib:Object

 0000:00000000       ___safe_se_handler_count   00000000     <absolute>
 0000:00000000       ___safe_se_handler_table   00000000     <absolute>
 0001:00000000       ?kernel_entry@@YAXPAUmultiboot_info@@@Z 00100400 f   entry.obj
 0001:00000040       ?eqraos_screen@@YAXXZ      00100440 f   main.obj
 0001:00000080       ?prompt@@YAXXZ             00100480 f   main.obj
 0001:000000a0       ?getch@@YA?AW4KEY_CODE@@XZ 001004a0 f   main.obj
 0001:000000c0       ?sleep@@YAXH@Z             001004c0 f   main.obj
 0001:000000f0       ?exec_cmd@@YA_NPAD@Z       001004f0 f   main.obj
 0001:00000270       ?eqraos_splash@@YAXXZ      00100670 f   main.obj
 0001:00000300       ?read_cmd@@YAXPADH@Z       00100700 f   main.obj
 0001:00000430       ?exec@@YAXXZ               00100830 f   main.obj
 0001:00000460       _main                      00100860 f   main.obj
 0001:000004f0       ?k_update_cursor@@YAXHH@Z  001008f0 f   kdisplay.obj
 0001:00000500       ?scroll@@YAXXZ             00100900 f   kdisplay.obj
 0001:00000570       ?itoa@@YAXIIPAD@Z          00100970 f   kdisplay.obj
 0001:000005e0       ?itoa_s@@YAXHIPAD@Z        001009e0 f   kdisplay.obj
 0001:00000610       ?kget_xy@@YAXPAI0@Z        00100a10 f   kdisplay.obj
 0001:00000640       ?kget_horz@@YAHXZ          00100a40 f   kdisplay.obj
 0001:00000650       ?kget_vert@@YAHXZ          00100a50 f   kdisplay.obj
 0001:00000660       ?kset_color@@YAII@Z        00100a60 f   kdisplay.obj
 0001:00000680       ?kgoto_xy@@YAXII@Z         00100a80 f   kdisplay.obj
 0001:000006b0       ?kputc@@YAXE@Z             00100ab0 f   kdisplay.obj
 0001:00000750       ?kclear@@YAXE@Z            00100b50 f   kdisplay.obj
 0001:000007a0       ?kputs@@YAXPAD@Z           00100ba0 f   kdisplay.obj
 0001:000007e0       ?kprintf@@YAHPBDZZ         00100be0 f   kdisplay.obj
 0001:00000990       ?divide_by_zero_fault@@YAXIIII@Z 00100d90 f   exception.obj
 0001:000009c0       ?single_step_trap@@YAXIII@Z 00100dc0 f   exception.obj
 0001:000009e0       ?nmi_trap@@YAXIII@Z        00100de0 f   exception.obj
 0001:00000a00       ?breakpoint_trap@@YAXIII@Z 00100e00 f   exception.obj
 0001:00000a20       ?overflow_trap@@YAXIII@Z   00100e20 f   exception.obj
 0001:00000a40       ?bounds_check_fault@@YAXIII@Z 00100e40 f   exception.obj
 0001:00000a60       ?invalid_opcode_fault@@YAXIII@Z 00100e60 f   exception.obj
 0001:00000a80       ?no_device_fault@@YAXIII@Z 00100e80 f   exception.obj
 0001:00000aa0       ?double_fault_abort@@YAXIIII@Z 00100ea0 f   exception.obj
 0001:00000ac0       ?invalid_tss_fault@@YAXIIII@Z 00100ec0 f   exception.obj
 0001:00000ae0       ?no_segment_fault@@YAXIIII@Z 00100ee0 f   exception.obj
 0001:00000b00       ?stack_fault@@YAXIIII@Z    00100f00 f   exception.obj
 0001:00000b20       ?general_protection_fault@@YAXIIII@Z 00100f20 f   exception.obj
 0001:00000b40       ?page_fault@@YAXIIII@Z     00100f40 f   exception.obj
 0001:00000b50       ?fpu_fault@@YAXIII@Z       00100f50 f   exception.obj
 0001:00000b70       ?alignment_check_fault@@YAXIIII@Z 00100f70 f   exception.obj
 0001:00000b90       ?machine_check_abort@@YAXIII@Z 00100f90 f   exception.obj
 0001:00000bb0       ?simd_fpu_fault@@YAXIII@Z  00100fb0 f   exception.obj
 0001:00000bd0       ?execption_init@@YAXXZ     00100fd0 f   exception.obj
 0001:00000cc0       ?mem_info_init_region@@YAXXZ 001010c0 f   mem_info.obj
 0001:00000d20       ?mem_info_dump_region@@YAXXZ 00101120 f   mem_info.obj
 0001:00000db0       ?mem_info_dump_size@@YAXXZ 001011b0 f   mem_info.obj
 0001:00000dd0       ?mem_info_blocks_stat@@YAXXZ 001011d0 f   mem_info.obj
 0001:00000e00       ?mem_info_init@@YAXPAUmultiboot_info@@@Z 00101200 f   mem_info.obj
 0001:00000e50       ?kernel_panic@@YAXPBDZZ    00101250 f   panic.obj
 0001:00000e90       ?pmm_init@@YAXII@Z         00101290 f   pmm.obj
 0001:00000ed0       ?pmm_init_region@@YAXII@Z  001012d0 f   pmm.obj
 0001:00000f40       ?pmm_deinit_region@@YAXII@Z 00101340 f   pmm.obj
 0001:00000fa0       ?pmm_dealloc@@YAXPAX@Z     001013a0 f   pmm.obj
 0001:00000fe0       ?pmm_deallocs@@YAXPAXI@Z   001013e0 f   pmm.obj
 0001:00001040       ?pmm_get_mem_size@@YAIXZ   00101440 f   pmm.obj
 0001:00001050       ?pmm_get_block_count@@YAIXZ 00101450 f   pmm.obj
 0001:00001060       ?pmm_get_used_block_count@@YAIXZ 00101460 f   pmm.obj
 0001:00001070       ?pmm_get_free_block_count@@YAIXZ 00101470 f   pmm.obj
 0001:00001080       ?pmm_get_block_size@@YAIXZ 00101480 f   pmm.obj
 0001:00001090       ?pmm_enable_paging@@YAX_N@Z 00101490 f   pmm.obj
 0001:000010c0       ?pmm_is_paging@@YA_NXZ     001014c0 f   pmm.obj
 0001:000010d0       ?pmm_load_PDBR@@YAXI@Z     001014d0 f   pmm.obj
 0001:000010e0       ?pmm_get_PDBR@@YAIXZ       001014e0 f   pmm.obj
 0001:000010f0       ?mmap_find_first@@YAHXZ    001014f0 f   pmm.obj
 0001:00001150       ?mmap_find_squence@@YAHI@Z 00101550 f   pmm.obj
 0001:00001270       ?pmm_alloc@@YAPAXXZ        00101670 f   pmm.obj
 0001:000012d0       ?pmm_allocs@@YAPAXI@Z      001016d0 f   pmm.obj
 0001:00001350       ?vmm_alloc_page@@YA_NPAI@Z 00101750 f   vmm.obj
 0001:00001380       ?vmm_free_page@@YAXPAI@Z   00101780 f   vmm.obj
 0001:000013b0       ?vmm_switch_page_dir_table@@YA_NPAUpage_dir_table@@@Z 001017b0 f   vmm.obj
 0001:000013e0       ?vmm_get_page_dir_table@@YAPAUpage_dir_table@@XZ 001017e0 f   vmm.obj
 0001:000013f0       ?vmm_flush_tlb_entry@@YAXI@Z 001017f0 f   vmm.obj
 0001:00001400       ?vmm_page_table_clear@@YAXPAUpage_table@@@Z 00101800 f   vmm.obj
 0001:00001420       ?vmm_vir_to_page_table_index@@YAII@Z 00101820 f   vmm.obj
 0001:00001440       ?vmm_page_table_lookup_entry@@YAPAIPAUpage_table@@I@Z 00101840 f   vmm.obj
 0001:00001470       ?vmm_vir_to_page_dir_table_index@@YAII@Z 00101870 f   vmm.obj
 0001:00001490       ?vmm_page_dir_table_clear@@YAXPAUpage_dir_table@@@Z 00101890 f   vmm.obj
 0001:000014b0       ?vmm_page_dir_table_lookup_entry@@YAPAIPAUpage_dir_table@@I@Z 001018b0 f   vmm.obj
 0001:000014e0       ?vmm_init@@YAXXZ           001018e0 f   vmm.obj
 0001:000015b0       ?pde_add_attrib@@YAXPAII@Z 001019b0 f   vmm_pde.obj
 0001:000015c0       ?pde_del_attrib@@YAXPAII@Z 001019c0 f   vmm_pde.obj
 0001:000015d0       ?pde_set_frame@@YAXPAII@Z  001019d0 f   vmm_pde.obj
 0001:000015f0       ?pde_get_frame@@YAII@Z     001019f0 f   vmm_pde.obj
 0001:00001600       ?pde_is_present@@YA_NI@Z   00101a00 f   vmm_pde.obj
 0001:00001610       ?pde_is_writable@@YA_NI@Z  00101a10 f   vmm_pde.obj
 0001:00001620       ?pde_is_user@@YA_NI@Z      00101a20 f   vmm_pde.obj
 0001:00001630       ?pde_is_4mb@@YA_NI@Z       00101a30 f   vmm_pde.obj
 0001:00001640       ?pde_enable_global@@YAXI@Z 00101a40 f   vmm_pde.obj
 0001:00001650       ?pte_add_attrib@@YAXPAII@Z 00101a50 f   vmm_pte.obj
 0001:00001660       ?pte_del_attrib@@YAXPAII@Z 00101a60 f   vmm_pte.obj
 0001:00001670       ?pte_set_frame@@YAXPAII@Z  00101a70 f   vmm_pte.obj
 0001:00001690       ?pte_get_frame@@YAII@Z     00101a90 f   vmm_pte.obj
 0001:000016a0       ?pte_is_present@@YA_NI@Z   00101aa0 f   vmm_pte.obj
 0001:000016b0       ?pte_is_writable@@YA_NI@Z  00101ab0 f   vmm_pte.obj
 0001:000016c0       ?keyboard_get_last_key@@YA?AW4KEY_CODE@@XZ 00101ac0 f   keyboard:keyboard.obj
 0001:000016e0       ?keyboard_discard_last_key@@YAXXZ 00101ae0 f   keyboard:keyboard.obj
 0001:000016f0       ?keyboard_set_leds@@YAX_N00@Z 00101af0 f   keyboard:keyboard.obj
 0001:00001750       ?keyboard_key_to_ascii@@YADW4KEY_CODE@@@Z 00101b50 f   keyboard:keyboard.obj
 0001:00001890       ?keyboard_reset_system@@YAXXZ 00101c90 f   keyboard:keyboard.obj
 0001:000018d0       ?i386_keyboard_irq@@YAXXZ  00101cd0 f   keyboard:keyboard.obj
 0001:00001ab0       ?keyboard_install@@YAXH@Z  00101eb0 f   keyboard:keyboard.obj
 0001:00001b30       ?exit@@YAXXZ               00101f30 f   lib:cstd.obj
 0001:00001b70       ?init_ctor@@YAXXZ          00101f70 f   lib:cstd.obj
 0001:00001bb0       ?strcmp@@YAHPBD0@Z         00101fb0 f   lib:string.obj
 0001:00001bf0       ?strlen@@YAIPBD@Z          00101ff0 f   lib:string.obj
 0001:00001c10       ?strcpy@@YAPADPADPBD@Z     00102010 f   lib:string.obj
 0001:00001c30       ?memset@@YAPAXPAXDI@Z      00102030 f   lib:string.obj
 0001:00001c50       ?int_done@@YAXI@Z          00102050 f   hal:hal.obj
 0001:00001c80       ?inportb@@YAEG@Z           00102080 f   hal:hal.obj
 0001:00001c90       ?outportb@@YAXGE@Z         00102090 f   hal:hal.obj
 0001:00001ca0       ?enable_irq@@YAXXZ         001020a0 f   hal:hal.obj
 0001:00001cb0       ?disable_irq@@YAXXZ        001020b0 f   hal:hal.obj
 0001:00001cc0       ?set_vector@@YAXIA6AXXZ@Z  001020c0 f   hal:hal.obj
 0001:00001ce0       ?get_tick_count@@YAHXZ     001020e0 f   hal:hal.obj
 0001:00001cf0       ?hal_init@@YAHXZ           001020f0 f   hal:hal.obj
 0001:00001d20       ?i386_cpu_init@@YAHXZ      00102120 f   hal:cpu.obj
 0001:00001d40       ?i386_pic_send_command@@YAXEE@Z 00102140 f   hal:pic.obj
 0001:00001d70       ?i386_pic_init@@YAXEE@Z    00102170 f   hal:pic.obj
 0001:00001e10       ?i386_idt_install_ir@@YAHIGGP6AXXZ@Z 00102210 f   hal:idt.obj
 0001:00001e60       ?i386_idt_init@@YAHG@Z     00102260 f   hal:idt.obj
 0001:00001ef0       ?i386_pit_get_tick_count@@YAIXZ 001022f0 f   hal:pit.obj
 0001:00001f00       ?i386_pit_start_counter@@YAXIEE@Z 00102300 f   hal:pit.obj
 0001:00001f60       ?i386_pit_irq@@YAXXZ       00102360 f   hal:pit.obj
 0001:00001f80       ?i386_pit_init@@YAXXZ      00102380 f   hal:pit.obj
 0001:00001fa0       ?i386_gdt_init@@YAHXZ      001023a0 f   hal:gdt.obj
 0002:00000714       ??_C@_0DK@GOCDNPMH@?$CK?$CK?$CK?$CK?5?$FLI386?5HAL?$FN?5i386_default_han@ 00102d14     hal:idt.obj
 0003:00000000       ?__xc_a@@3PAP6AXXZA        00102e00     lib:cstd.obj
 0003:00000004       ?__xc_z@@3PAP6AXXZA        00102e04     lib:cstd.obj
 0003:00000008       ?video_memory@@3PAGA       00102e08     kdisplay.obj
 0003:0000000c       ?bchars@@3PADA             00102e0c     kdisplay.obj
 0003:0000001c       ?mem_types@@3PAPADA        00102e1c     mem_info.obj
 0003:0000002c       ?region_ptr@@3PAUmem_region@@A 00102e2c     mem_info.obj
 0003:00000180       __fltused                  00102f80     lib:cstd.obj
 0003:00000190       ?tbuf@@3PADA               00102f90     kdisplay.obj
 0003:000001b0       ?_x_pos@@3EA               00102fb0     kdisplay.obj
 0003:000001b1       ?_y_pos@@3EA               00102fb1     kdisplay.obj
 0003:000001b2       ?_color@@3EA               00102fb2     kdisplay.obj
 0003:000001b4       ?boot_info@@3PAUmultiboot_info@@A 00102fb4     mem_info.obj
 0003:000001b8       ?kernel_size@@3IA          00102fb8     mem_info.obj
 0003:000001bc       ?mem_size@@3IA             00102fbc     mem_info.obj
 0003:000001d0       ?_cur_page_dir@@3PAUpage_dir_table@@A 00102fd0     vmm.obj
 0003:000001d4       ?_cur_page_dir_base_register@@3IA 00102fd4     vmm.obj

 entry point at        0000:00000000

 Static symbols

 0001:00001de0       ?i386_default_handler@@YAXXZ 001021e0 f   hal:idt.obj
