 kernel

 Timestamp is 4c02f206 (Mon May 31 02:17:26 2010)

 Preferred load address is 00100000

 Start         Length     Name                   Class
 0001:00000000 00000ce5H .text                   CODE
 0002:00000000 00000456H .rdata                  DATA
 0003:00000000 00000004H .CRT$XCA                DATA
 0003:00000004 00000004H .CRT$XCZ                DATA
 0003:00000008 00000018H .data                   DATA
 0003:00000020 00000870H .bss                    DATA
 0004:00000000 00000058H .rsrc$01                DATA
 0004:00000060 00000390H .rsrc$02                DATA

  Address         Publics by Value              Rva+Base       Lib:Object

 0000:00000000       ___safe_se_handler_count   00000000     <absolute>
 0000:00000000       ___safe_se_handler_table   00000000     <absolute>
 0001:00000000       ?kernel_entry@@YAXXZ       00100400 f   entry.obj
 0001:00000030       _main                      00100430 f   main.obj
 0001:000001e0       ?kputc@@YAXE@Z             001005e0 f   kdisplay.obj
 0001:00000250       ?itoa@@YAXIIPAD@Z          00100650 f   kdisplay.obj
 0001:000002c0       ?itoa_s@@YAXHIPAD@Z        001006c0 f   kdisplay.obj
 0001:000002f0       ?kclear@@YAXG@Z            001006f0 f   kdisplay.obj
 0001:00000330       ?kputs@@YAXPAD@Z           00100730 f   kdisplay.obj
 0001:00000370       ?kset_color@@YAII@Z        00100770 f   kdisplay.obj
 0001:00000380       ?kgoto_xy@@YAXII@Z         00100780 f   kdisplay.obj
 0001:000003b0       ?kprintf@@YAHPBDZZ         001007b0 f   kdisplay.obj
 0001:000005a0       ?divide_by_zero_fault@@YAXIII@Z 001009a0 f   exception.obj
 0001:000005c0       ?single_step_trap@@YAXIII@Z 001009c0 f   exception.obj
 0001:000005e0       ?nmi_trap@@YAXIII@Z        001009e0 f   exception.obj
 0001:00000600       ?breakpoint_trap@@YAXIII@Z 00100a00 f   exception.obj
 0001:00000620       ?overflow_trap@@YAXIII@Z   00100a20 f   exception.obj
 0001:00000640       ?bounds_check_fault@@YAXIII@Z 00100a40 f   exception.obj
 0001:00000660       ?invalid_opcode_fault@@YAXIII@Z 00100a60 f   exception.obj
 0001:00000680       ?no_device_fault@@YAXIII@Z 00100a80 f   exception.obj
 0001:000006a0       ?double_fault_abort@@YAXIIII@Z 00100aa0 f   exception.obj
 0001:000006c0       ?invalid_tss_fault@@YAXIIII@Z 00100ac0 f   exception.obj
 0001:000006e0       ?no_segment_fault@@YAXIIII@Z 00100ae0 f   exception.obj
 0001:00000700       ?stack_fault@@YAXIIII@Z    00100b00 f   exception.obj
 0001:00000720       ?general_protection_fault@@YAXIIII@Z 00100b20 f   exception.obj
 0001:00000740       ?page_fault@@YAXIIII@Z     00100b40 f   exception.obj
 0001:00000760       ?fpu_fault@@YAXIII@Z       00100b60 f   exception.obj
 0001:00000780       ?alignment_check_fault@@YAXIIII@Z 00100b80 f   exception.obj
 0001:000007a0       ?machine_check_abort@@YAXIII@Z 00100ba0 f   exception.obj
 0001:000007c0       ?simd_fpu_fault@@YAXIII@Z  00100bc0 f   exception.obj
 0001:000007e0       ?kernel_panic@@YAXPBDZZ    00100be0 f   panic.obj
 0001:00000820       ?exit@@YAXXZ               00100c20 f   lib:cstd.obj
 0001:00000860       ?init_ctor@@YAXXZ          00100c60 f   lib:cstd.obj
 0001:000008a0       ?strlen@@YAIPBD@Z          00100ca0 f   lib:string.obj
 0001:000008c0       ?memset@@YAPAXPAXDI@Z      00100cc0 f   lib:string.obj
 0001:000008e0       ?int_done@@YAXI@Z          00100ce0 f   hal:hal.obj
 0001:00000910       ?outportb@@YAXGE@Z         00100d10 f   hal:hal.obj
 0001:00000920       ?enable_irq@@YAXXZ         00100d20 f   hal:hal.obj
 0001:00000930       ?disable_irq@@YAXXZ        00100d30 f   hal:hal.obj
 0001:00000940       ?set_vector@@YAXIA6AXXZ@Z  00100d40 f   hal:hal.obj
 0001:00000960       ?get_tick_count@@YAHXZ     00100d60 f   hal:hal.obj
 0001:00000970       ?hal_init@@YAHXZ           00100d70 f   hal:hal.obj
 0001:000009a0       ?i386_cpu_init@@YAHXZ      00100da0 f   hal:cpu.obj
 0001:000009c0       ?i386_pic_send_command@@YAXEE@Z 00100dc0 f   hal:pic.obj
 0001:000009f0       ?i386_pic_init@@YAXEE@Z    00100df0 f   hal:pic.obj
 0001:00000a90       ?i386_idt_install_ir@@YAHIGGP6AXXZ@Z 00100e90 f   hal:idt.obj
 0001:00000ae0       ?i386_idt_init@@YAHG@Z     00100ee0 f   hal:idt.obj
 0001:00000b70       ?i386_pit_get_tick_count@@YAIXZ 00100f70 f   hal:pit.obj
 0001:00000b80       ?i386_pit_start_counter@@YAXIEE@Z 00100f80 f   hal:pit.obj
 0001:00000be0       ?i386_pit_irq@@YAXXZ       00100fe0 f   hal:pit.obj
 0001:00000c00       ?i386_pit_init@@YAXXZ      00101000 f   hal:pit.obj
 0001:00000c20       ?i386_gdt_init@@YAHXZ      00101020 f   hal:gdt.obj
 0002:0000041c       ??_C@_0DK@GOCDNPMH@?$CK?$CK?$CK?$CK?5?$FLI386?5HAL?$FN?5i386_default_han@ 0010161c     hal:idt.obj
 0003:00000000       ?__xc_a@@3PAP6AXXZA        00101800     lib:cstd.obj
 0003:00000004       ?__xc_z@@3PAP6AXXZA        00101804     lib:cstd.obj
 0003:00000008       ?bchars@@3PADA             00101808     kdisplay.obj
 0003:0000001c       __fltused                  0010181c     lib:cstd.obj
 0003:00000020       ?tbuf@@3PADA               00101820     kdisplay.obj

 entry point at        0000:00000000

 Static symbols

 0001:00000a60       ?i386_default_handler@@YAXXZ 00100e60 f   hal:idt.obj
